Collecting lightning==2.5.2
  Using cached lightning-2.5.2-py3-none-any.whl.metadata (38 kB)
Requirement already satisfied: biopython==1.85 in /home/jules/.pyenv/versions/3.12.12/lib/python3.12/site-packages (1.85)
Requirement already satisfied: hydra-core in /home/jules/.pyenv/versions/3.12.12/lib/python3.12/site-packages (1.3.2)
Requirement already satisfied: hydra-colorlog==1.2.0 in /home/jules/.pyenv/versions/3.12.12/lib/python3.12/site-packages (1.2.0)
Requirement already satisfied: mediapy==1.0.2 in /home/jules/.pyenv/versions/3.12.12/lib/python3.12/site-packages (1.0.2)
Requirement already satisfied: ipykernel==6.22.0 in /home/jules/.pyenv/versions/3.12.12/lib/python3.12/site-packages (6.22.0)
Collecting ipyvtklink==0.2.3
  Using cached ipyvtklink-0.2.3-py3-none-any.whl.metadata (5.3 kB)
Requirement already satisfied: gemmi==0.7.3 in /home/jules/.pyenv/versions/3.12.12/lib/python3.12/site-packages (0.7.3)
Collecting biotite==1.2.0
  Using cached biotite-1.2.0-cp312-cp312-manylinux_2_17_x86_64.manylinux2014_x86_64.whl.metadata (7.3 kB)
Requirement already satisfied: rdkit==2025.3.5 in /home/jules/.pyenv/versions/3.12.12/lib/python3.12/site-packages (2025.3.5)
Requirement already satisfied: p-tqdm==1.4.2 in /home/jules/.pyenv/versions/3.12.12/lib/python3.12/site-packages (1.4.2)
Requirement already satisfied: einops==0.8.1 in /home/jules/.pyenv/versions/3.12.12/lib/python3.12/site-packages (0.8.1)
Requirement already satisfied: mashumaro==3.16 in /home/jules/.pyenv/versions/3.12.12/lib/python3.12/site-packages (3.16)
Requirement already satisfied: ihm==2.7 in /home/jules/.pyenv/versions/3.12.12/lib/python3.12/site-packages (2.7)
Requirement already satisfied: modelcif==1.4 in /home/jules/.pyenv/versions/3.12.12/lib/python3.12/site-packages (1.4)
Requirement already satisfied: dm-tree==0.1.9 in /home/jules/.pyenv/versions/3.12.12/lib/python3.12/site-packages (0.1.9)
Requirement already satisfied: click==8.2.1 in /home/jules/.pyenv/versions/3.12.12/lib/python3.12/site-packages (8.2.1)
Collecting timm==1.0.19
  Using cached timm-1.0.19-py3-none-any.whl.metadata (60 kB)
Requirement already satisfied: py3Dmol==2.5.2 in /home/jules/.pyenv/versions/3.12.12/lib/python3.12/site-packages (2.5.2)
Requirement already satisfied: scikit-learn==1.7.1 in /home/jules/.pyenv/versions/3.12.12/lib/python3.12/site-packages (1.7.1)
Requirement already satisfied: pandas==2.3.1 in /home/jules/.pyenv/versions/3.12.12/lib/python3.12/site-packages (2.3.1)
Requirement already satisfied: seaborn==0.13.2 in /home/jules/.pyenv/versions/3.12.12/lib/python3.12/site-packages (0.13.2)
Requirement already satisfied: PyYAML<8.0,>=5.4 in /home/jules/.pyenv/versions/3.12.12/lib/python3.12/site-packages (from lightning==2.5.2) (6.0.3)
Requirement already satisfied: fsspec<2027.0,>=2022.5.0 in /home/jules/.pyenv/versions/3.12.12/lib/python3.12/site-packages (from fsspec[http]<2027.0,>=2022.5.0->lightning==2.5.2) (2025.12.0)
Requirement already satisfied: lightning-utilities<2.0,>=0.10.0 in /home/jules/.pyenv/versions/3.12.12/lib/python3.12/site-packages (from lightning==2.5.2) (0.15.2)
Requirement already satisfied: packaging<27.0,>=20.0 in /home/jules/.pyenv/versions/3.12.12/lib/python3.12/site-packages (from lightning==2.5.2) (25.0)
Requirement already satisfied: torch<4.0,>=2.1.0 in /home/jules/.pyenv/versions/3.12.12/lib/python3.12/site-packages (from lightning==2.5.2) (2.9.1)
Collecting torchmetrics<3.0,>=0.7.0 (from lightning==2.5.2)
  Using cached torchmetrics-1.8.2-py3-none-any.whl.metadata (22 kB)
Requirement already satisfied: tqdm<6.0,>=4.57.0 in /home/jules/.pyenv/versions/3.12.12/lib/python3.12/site-packages (from lightning==2.5.2) (4.67.1)
Requirement already satisfied: typing-extensions<6.0,>=4.4.0 in /home/jules/.pyenv/versions/3.12.12/lib/python3.12/site-packages (from lightning==2.5.2) (4.15.0)
Collecting pytorch-lightning (from lightning==2.5.2)
  Using cached pytorch_lightning-2.6.0-py3-none-any.whl.metadata (21 kB)
Requirement already satisfied: numpy in /home/jules/.pyenv/versions/3.12.12/lib/python3.12/site-packages (from biopython==1.85) (2.3.5)
Requirement already satisfied: colorlog in /home/jules/.pyenv/versions/3.12.12/lib/python3.12/site-packages (from hydra-colorlog==1.2.0) (6.10.1)
Requirement already satisfied: ipython in /home/jules/.pyenv/versions/3.12.12/lib/python3.12/site-packages (from mediapy==1.0.2) (9.8.0)
Requirement already satisfied: matplotlib in /home/jules/.pyenv/versions/3.12.12/lib/python3.12/site-packages (from mediapy==1.0.2) (3.10.8)
Requirement already satisfied: Pillow in /home/jules/.pyenv/versions/3.12.12/lib/python3.12/site-packages (from mediapy==1.0.2) (12.0.0)
Requirement already satisfied: comm>=0.1.1 in /home/jules/.pyenv/versions/3.12.12/lib/python3.12/site-packages (from ipykernel==6.22.0) (0.2.3)
Requirement already satisfied: debugpy>=1.6.5 in /home/jules/.pyenv/versions/3.12.12/lib/python3.12/site-packages (from ipykernel==6.22.0) (1.8.19)
Requirement already satisfied: jupyter-client>=6.1.12 in /home/jules/.pyenv/versions/3.12.12/lib/python3.12/site-packages (from ipykernel==6.22.0) (8.7.0)
Requirement already satisfied: jupyter-core!=5.0.*,>=4.12 in /home/jules/.pyenv/versions/3.12.12/lib/python3.12/site-packages (from ipykernel==6.22.0) (5.9.1)
Requirement already satisfied: matplotlib-inline>=0.1 in /home/jules/.pyenv/versions/3.12.12/lib/python3.12/site-packages (from ipykernel==6.22.0) (0.2.1)
Requirement already satisfied: nest-asyncio in /home/jules/.pyenv/versions/3.12.12/lib/python3.12/site-packages (from ipykernel==6.22.0) (1.6.0)
Requirement already satisfied: psutil in /home/jules/.pyenv/versions/3.12.12/lib/python3.12/site-packages (from ipykernel==6.22.0) (7.1.3)
Requirement already satisfied: pyzmq>=20 in /home/jules/.pyenv/versions/3.12.12/lib/python3.12/site-packages (from ipykernel==6.22.0) (27.1.0)
Requirement already satisfied: tornado>=6.1 in /home/jules/.pyenv/versions/3.12.12/lib/python3.12/site-packages (from ipykernel==6.22.0) (6.5.4)
Requirement already satisfied: traitlets>=5.4.0 in /home/jules/.pyenv/versions/3.12.12/lib/python3.12/site-packages (from ipykernel==6.22.0) (5.14.3)
WARNING: Package 'ipyvtklink' has an invalid Requires-Python: Invalid specifier: '>=3.5.*'
Collecting ipycanvas>=0.5.0 (from ipyvtklink==0.2.3)
  Using cached ipycanvas-0.14.3-py2.py3-none-any.whl.metadata (6.6 kB)
Collecting ipyevents>=0.8.0 (from ipyvtklink==0.2.3)
  Using cached ipyevents-2.0.4-py3-none-any.whl.metadata (3.0 kB)
Collecting ipywidgets~=7.7 (from ipyvtklink==0.2.3)
  Using cached ipywidgets-7.8.5-py2.py3-none-any.whl.metadata (1.9 kB)
Requirement already satisfied: biotraj<2.0,>=1.0 in /home/jules/.pyenv/versions/3.12.12/lib/python3.12/site-packages (from biotite==1.2.0) (1.2.2)
Requirement already satisfied: msgpack>=0.5.6 in /home/jules/.pyenv/versions/3.12.12/lib/python3.12/site-packages (from biotite==1.2.0) (1.1.2)
Requirement already satisfied: networkx>=2.0 in /home/jules/.pyenv/versions/3.12.12/lib/python3.12/site-packages (from biotite==1.2.0) (3.6.1)
Requirement already satisfied: requests>=2.12 in /home/jules/.pyenv/versions/3.12.12/lib/python3.12/site-packages (from biotite==1.2.0) (2.32.5)
Requirement already satisfied: pathos>=0.2.5 in /home/jules/.pyenv/versions/3.12.12/lib/python3.12/site-packages (from p-tqdm==1.4.2) (0.3.4)
Requirement already satisfied: six>=1.13.0 in /home/jules/.pyenv/versions/3.12.12/lib/python3.12/site-packages (from p-tqdm==1.4.2) (1.17.0)
Requirement already satisfied: absl-py>=0.6.1 in /home/jules/.pyenv/versions/3.12.12/lib/python3.12/site-packages (from dm-tree==0.1.9) (2.3.1)
Requirement already satisfied: attrs>=18.2.0 in /home/jules/.pyenv/versions/3.12.12/lib/python3.12/site-packages (from dm-tree==0.1.9) (25.4.0)
Requirement already satisfied: wrapt>=1.11.2 in /home/jules/.pyenv/versions/3.12.12/lib/python3.12/site-packages (from dm-tree==0.1.9) (2.0.1)
Collecting torchvision (from timm==1.0.19)
  Using cached torchvision-0.24.1-cp312-cp312-manylinux_2_28_x86_64.whl.metadata (5.9 kB)
Requirement already satisfied: huggingface_hub in /home/jules/.pyenv/versions/3.12.12/lib/python3.12/site-packages (from timm==1.0.19) (1.2.3)
Requirement already satisfied: safetensors in /home/jules/.pyenv/versions/3.12.12/lib/python3.12/site-packages (from timm==1.0.19) (0.7.0)
Requirement already satisfied: scipy>=1.8.0 in /home/jules/.pyenv/versions/3.12.12/lib/python3.12/site-packages (from scikit-learn==1.7.1) (1.16.3)
Requirement already satisfied: joblib>=1.2.0 in /home/jules/.pyenv/versions/3.12.12/lib/python3.12/site-packages (from scikit-learn==1.7.1) (1.5.3)
Requirement already satisfied: threadpoolctl>=3.1.0 in /home/jules/.pyenv/versions/3.12.12/lib/python3.12/site-packages (from scikit-learn==1.7.1) (3.6.0)
Requirement already satisfied: python-dateutil>=2.8.2 in /home/jules/.pyenv/versions/3.12.12/lib/python3.12/site-packages (from pandas==2.3.1) (2.9.0.post0)
Requirement already satisfied: pytz>=2020.1 in /home/jules/.pyenv/versions/3.12.12/lib/python3.12/site-packages (from pandas==2.3.1) (2025.2)
Requirement already satisfied: tzdata>=2022.7 in /home/jules/.pyenv/versions/3.12.12/lib/python3.12/site-packages (from pandas==2.3.1) (2025.3)
Requirement already satisfied: aiohttp!=4.0.0a0,!=4.0.0a1 in /home/jules/.pyenv/versions/3.12.12/lib/python3.12/site-packages (from fsspec[http]<2027.0,>=2022.5.0->lightning==2.5.2) (3.13.2)
Requirement already satisfied: ipython-genutils~=0.2.0 in /home/jules/.pyenv/versions/3.12.12/lib/python3.12/site-packages (from ipywidgets~=7.7->ipyvtklink==0.2.3) (0.2.0)
Collecting widgetsnbextension~=3.6.10 (from ipywidgets~=7.7->ipyvtklink==0.2.3)
  Using cached widgetsnbextension-3.6.10-py2.py3-none-any.whl.metadata (1.3 kB)
Requirement already satisfied: jupyterlab-widgets<3,>=1.0.0 in /home/jules/.pyenv/versions/3.12.12/lib/python3.12/site-packages (from ipywidgets~=7.7->ipyvtklink==0.2.3) (1.1.11)
Requirement already satisfied: setuptools in /home/jules/.pyenv/versions/3.12.12/lib/python3.12/site-packages (from lightning-utilities<2.0,>=0.10.0->lightning==2.5.2) (80.9.0)
Requirement already satisfied: filelock in /home/jules/.pyenv/versions/3.12.12/lib/python3.12/site-packages (from torch<4.0,>=2.1.0->lightning==2.5.2) (3.20.1)
Requirement already satisfied: sympy>=1.13.3 in /home/jules/.pyenv/versions/3.12.12/lib/python3.12/site-packages (from torch<4.0,>=2.1.0->lightning==2.5.2) (1.14.0)
Requirement already satisfied: jinja2 in /home/jules/.pyenv/versions/3.12.12/lib/python3.12/site-packages (from torch<4.0,>=2.1.0->lightning==2.5.2) (3.1.6)
Requirement already satisfied: nvidia-cuda-nvrtc-cu12==12.8.93 in /home/jules/.pyenv/versions/3.12.12/lib/python3.12/site-packages (from torch<4.0,>=2.1.0->lightning==2.5.2) (12.8.93)
Requirement already satisfied: nvidia-cuda-runtime-cu12==12.8.90 in /home/jules/.pyenv/versions/3.12.12/lib/python3.12/site-packages (from torch<4.0,>=2.1.0->lightning==2.5.2) (12.8.90)
Requirement already satisfied: nvidia-cuda-cupti-cu12==12.8.90 in /home/jules/.pyenv/versions/3.12.12/lib/python3.12/site-packages (from torch<4.0,>=2.1.0->lightning==2.5.2) (12.8.90)
Requirement already satisfied: nvidia-cudnn-cu12==9.10.2.21 in /home/jules/.pyenv/versions/3.12.12/lib/python3.12/site-packages (from torch<4.0,>=2.1.0->lightning==2.5.2) (9.10.2.21)
Requirement already satisfied: nvidia-cublas-cu12==12.8.4.1 in /home/jules/.pyenv/versions/3.12.12/lib/python3.12/site-packages (from torch<4.0,>=2.1.0->lightning==2.5.2) (12.8.4.1)
Requirement already satisfied: nvidia-cufft-cu12==11.3.3.83 in /home/jules/.pyenv/versions/3.12.12/lib/python3.12/site-packages (from torch<4.0,>=2.1.0->lightning==2.5.2) (11.3.3.83)
Requirement already satisfied: nvidia-curand-cu12==10.3.9.90 in /home/jules/.pyenv/versions/3.12.12/lib/python3.12/site-packages (from torch<4.0,>=2.1.0->lightning==2.5.2) (10.3.9.90)
Requirement already satisfied: nvidia-cusolver-cu12==11.7.3.90 in /home/jules/.pyenv/versions/3.12.12/lib/python3.12/site-packages (from torch<4.0,>=2.1.0->lightning==2.5.2) (11.7.3.90)
Requirement already satisfied: nvidia-cusparse-cu12==12.5.8.93 in /home/jules/.pyenv/versions/3.12.12/lib/python3.12/site-packages (from torch<4.0,>=2.1.0->lightning==2.5.2) (12.5.8.93)
Requirement already satisfied: nvidia-cusparselt-cu12==0.7.1 in /home/jules/.pyenv/versions/3.12.12/lib/python3.12/site-packages (from torch<4.0,>=2.1.0->lightning==2.5.2) (0.7.1)
Requirement already satisfied: nvidia-nccl-cu12==2.27.5 in /home/jules/.pyenv/versions/3.12.12/lib/python3.12/site-packages (from torch<4.0,>=2.1.0->lightning==2.5.2) (2.27.5)
Requirement already satisfied: nvidia-nvshmem-cu12==3.3.20 in /home/jules/.pyenv/versions/3.12.12/lib/python3.12/site-packages (from torch<4.0,>=2.1.0->lightning==2.5.2) (3.3.20)
Requirement already satisfied: nvidia-nvtx-cu12==12.8.90 in /home/jules/.pyenv/versions/3.12.12/lib/python3.12/site-packages (from torch<4.0,>=2.1.0->lightning==2.5.2) (12.8.90)
Requirement already satisfied: nvidia-nvjitlink-cu12==12.8.93 in /home/jules/.pyenv/versions/3.12.12/lib/python3.12/site-packages (from torch<4.0,>=2.1.0->lightning==2.5.2) (12.8.93)
Requirement already satisfied: nvidia-cufile-cu12==1.13.1.3 in /home/jules/.pyenv/versions/3.12.12/lib/python3.12/site-packages (from torch<4.0,>=2.1.0->lightning==2.5.2) (1.13.1.3)
Requirement already satisfied: triton==3.5.1 in /home/jules/.pyenv/versions/3.12.12/lib/python3.12/site-packages (from torch<4.0,>=2.1.0->lightning==2.5.2) (3.5.1)
Collecting notebook>=4.4.1 (from widgetsnbextension~=3.6.10->ipywidgets~=7.7->ipyvtklink==0.2.3)
  Using cached notebook-7.5.1-py3-none-any.whl.metadata (10 kB)
Requirement already satisfied: omegaconf<2.4,>=2.2 in /home/jules/.pyenv/versions/3.12.12/lib/python3.12/site-packages (from hydra-core) (2.3.0)
Requirement already satisfied: antlr4-python3-runtime==4.9.* in /home/jules/.pyenv/versions/3.12.12/lib/python3.12/site-packages (from hydra-core) (4.9.3)
Requirement already satisfied: aiohappyeyeballs>=2.5.0 in /home/jules/.pyenv/versions/3.12.12/lib/python3.12/site-packages (from aiohttp!=4.0.0a0,!=4.0.0a1->fsspec[http]<2027.0,>=2022.5.0->lightning==2.5.2) (2.6.1)
Requirement already satisfied: aiosignal>=1.4.0 in /home/jules/.pyenv/versions/3.12.12/lib/python3.12/site-packages (from aiohttp!=4.0.0a0,!=4.0.0a1->fsspec[http]<2027.0,>=2022.5.0->lightning==2.5.2) (1.4.0)
Requirement already satisfied: frozenlist>=1.1.1 in /home/jules/.pyenv/versions/3.12.12/lib/python3.12/site-packages (from aiohttp!=4.0.0a0,!=4.0.0a1->fsspec[http]<2027.0,>=2022.5.0->lightning==2.5.2) (1.8.0)
Requirement already satisfied: multidict<7.0,>=4.5 in /home/jules/.pyenv/versions/3.12.12/lib/python3.12/site-packages (from aiohttp!=4.0.0a0,!=4.0.0a1->fsspec[http]<2027.0,>=2022.5.0->lightning==2.5.2) (6.7.0)
Requirement already satisfied: propcache>=0.2.0 in /home/jules/.pyenv/versions/3.12.12/lib/python3.12/site-packages (from aiohttp!=4.0.0a0,!=4.0.0a1->fsspec[http]<2027.0,>=2022.5.0->lightning==2.5.2) (0.4.1)
Requirement already satisfied: yarl<2.0,>=1.17.0 in /home/jules/.pyenv/versions/3.12.12/lib/python3.12/site-packages (from aiohttp!=4.0.0a0,!=4.0.0a1->fsspec[http]<2027.0,>=2022.5.0->lightning==2.5.2) (1.22.0)
Requirement already satisfied: idna>=2.0 in /home/jules/.pyenv/versions/3.12.12/lib/python3.12/site-packages (from yarl<2.0,>=1.17.0->aiohttp!=4.0.0a0,!=4.0.0a1->fsspec[http]<2027.0,>=2022.5.0->lightning==2.5.2) (3.11)
Requirement already satisfied: decorator>=4.3.2 in /home/jules/.pyenv/versions/3.12.12/lib/python3.12/site-packages (from ipython->mediapy==1.0.2) (5.2.1)
Requirement already satisfied: ipython-pygments-lexers>=1.0.0 in /home/jules/.pyenv/versions/3.12.12/lib/python3.12/site-packages (from ipython->mediapy==1.0.2) (1.1.1)
Requirement already satisfied: jedi>=0.18.1 in /home/jules/.pyenv/versions/3.12.12/lib/python3.12/site-packages (from ipython->mediapy==1.0.2) (0.19.2)
Requirement already satisfied: pexpect>4.3 in /home/jules/.pyenv/versions/3.12.12/lib/python3.12/site-packages (from ipython->mediapy==1.0.2) (4.9.0)
Requirement already satisfied: prompt_toolkit<3.1.0,>=3.0.41 in /home/jules/.pyenv/versions/3.12.12/lib/python3.12/site-packages (from ipython->mediapy==1.0.2) (3.0.52)
Requirement already satisfied: pygments>=2.11.0 in /home/jules/.pyenv/versions/3.12.12/lib/python3.12/site-packages (from ipython->mediapy==1.0.2) (2.19.2)
Requirement already satisfied: stack_data>=0.6.0 in /home/jules/.pyenv/versions/3.12.12/lib/python3.12/site-packages (from ipython->mediapy==1.0.2) (0.6.3)
Requirement already satisfied: wcwidth in /home/jules/.pyenv/versions/3.12.12/lib/python3.12/site-packages (from prompt_toolkit<3.1.0,>=3.0.41->ipython->mediapy==1.0.2) (0.2.14)
Requirement already satisfied: parso<0.9.0,>=0.8.4 in /home/jules/.pyenv/versions/3.12.12/lib/python3.12/site-packages (from jedi>=0.18.1->ipython->mediapy==1.0.2) (0.8.5)
Requirement already satisfied: platformdirs>=2.5 in /home/jules/.pyenv/versions/3.12.12/lib/python3.12/site-packages (from jupyter-core!=5.0.*,>=4.12->ipykernel==6.22.0) (4.5.1)
Requirement already satisfied: contourpy>=1.0.1 in /home/jules/.pyenv/versions/3.12.12/lib/python3.12/site-packages (from matplotlib->mediapy==1.0.2) (1.3.3)
Requirement already satisfied: cycler>=0.10 in /home/jules/.pyenv/versions/3.12.12/lib/python3.12/site-packages (from matplotlib->mediapy==1.0.2) (0.12.1)
Requirement already satisfied: fonttools>=4.22.0 in /home/jules/.pyenv/versions/3.12.12/lib/python3.12/site-packages (from matplotlib->mediapy==1.0.2) (4.61.1)
Requirement already satisfied: kiwisolver>=1.3.1 in /home/jules/.pyenv/versions/3.12.12/lib/python3.12/site-packages (from matplotlib->mediapy==1.0.2) (1.4.9)
Requirement already satisfied: pyparsing>=3 in /home/jules/.pyenv/versions/3.12.12/lib/python3.12/site-packages (from matplotlib->mediapy==1.0.2) (3.2.5)
Collecting jupyter-server<3,>=2.4.0 (from notebook>=4.4.1->widgetsnbextension~=3.6.10->ipywidgets~=7.7->ipyvtklink==0.2.3)
  Using cached jupyter_server-2.17.0-py3-none-any.whl.metadata (8.5 kB)
Collecting jupyterlab-server<3,>=2.28.0 (from notebook>=4.4.1->widgetsnbextension~=3.6.10->ipywidgets~=7.7->ipyvtklink==0.2.3)
  Using cached jupyterlab_server-2.28.0-py3-none-any.whl.metadata (5.9 kB)
Collecting jupyterlab<4.6,>=4.5.1 (from notebook>=4.4.1->widgetsnbextension~=3.6.10->ipywidgets~=7.7->ipyvtklink==0.2.3)
  Using cached jupyterlab-4.5.1-py3-none-any.whl.metadata (16 kB)
Collecting notebook-shim<0.3,>=0.2 (from notebook>=4.4.1->widgetsnbextension~=3.6.10->ipywidgets~=7.7->ipyvtklink==0.2.3)
  Using cached notebook_shim-0.2.4-py3-none-any.whl.metadata (4.0 kB)
Requirement already satisfied: anyio>=3.1.0 in /home/jules/.pyenv/versions/3.12.12/lib/python3.12/site-packages (from jupyter-server<3,>=2.4.0->notebook>=4.4.1->widgetsnbextension~=3.6.10->ipywidgets~=7.7->ipyvtklink==0.2.3) (4.12.0)
Collecting argon2-cffi>=21.1 (from jupyter-server<3,>=2.4.0->notebook>=4.4.1->widgetsnbextension~=3.6.10->ipywidgets~=7.7->ipyvtklink==0.2.3)
  Using cached argon2_cffi-25.1.0-py3-none-any.whl.metadata (4.1 kB)
Collecting jupyter-events>=0.11.0 (from jupyter-server<3,>=2.4.0->notebook>=4.4.1->widgetsnbextension~=3.6.10->ipywidgets~=7.7->ipyvtklink==0.2.3)
  Using cached jupyter_events-0.12.0-py3-none-any.whl.metadata (5.8 kB)
Requirement already satisfied: jupyter-server-terminals>=0.4.4 in /home/jules/.pyenv/versions/3.12.12/lib/python3.12/site-packages (from jupyter-server<3,>=2.4.0->notebook>=4.4.1->widgetsnbextension~=3.6.10->ipywidgets~=7.7->ipyvtklink==0.2.3) (0.5.3)
Collecting nbconvert>=6.4.4 (from jupyter-server<3,>=2.4.0->notebook>=4.4.1->widgetsnbextension~=3.6.10->ipywidgets~=7.7->ipyvtklink==0.2.3)
  Using cached nbconvert-7.16.6-py3-none-any.whl.metadata (8.5 kB)
Collecting nbformat>=5.3.0 (from jupyter-server<3,>=2.4.0->notebook>=4.4.1->widgetsnbextension~=3.6.10->ipywidgets~=7.7->ipyvtklink==0.2.3)
  Using cached nbformat-5.10.4-py3-none-any.whl.metadata (3.6 kB)
Requirement already satisfied: prometheus-client>=0.9 in /home/jules/.pyenv/versions/3.12.12/lib/python3.12/site-packages (from jupyter-server<3,>=2.4.0->notebook>=4.4.1->widgetsnbextension~=3.6.10->ipywidgets~=7.7->ipyvtklink==0.2.3) (0.23.1)
Requirement already satisfied: send2trash>=1.8.2 in /home/jules/.pyenv/versions/3.12.12/lib/python3.12/site-packages (from jupyter-server<3,>=2.4.0->notebook>=4.4.1->widgetsnbextension~=3.6.10->ipywidgets~=7.7->ipyvtklink==0.2.3) (1.8.3)
Requirement already satisfied: terminado>=0.8.3 in /home/jules/.pyenv/versions/3.12.12/lib/python3.12/site-packages (from jupyter-server<3,>=2.4.0->notebook>=4.4.1->widgetsnbextension~=3.6.10->ipywidgets~=7.7->ipyvtklink==0.2.3) (0.18.1)
Requirement already satisfied: websocket-client>=1.7 in /home/jules/.pyenv/versions/3.12.12/lib/python3.12/site-packages (from jupyter-server<3,>=2.4.0->notebook>=4.4.1->widgetsnbextension~=3.6.10->ipywidgets~=7.7->ipyvtklink==0.2.3) (1.9.0)
Requirement already satisfied: async-lru>=1.0.0 in /home/jules/.pyenv/versions/3.12.12/lib/python3.12/site-packages (from jupyterlab<4.6,>=4.5.1->notebook>=4.4.1->widgetsnbextension~=3.6.10->ipywidgets~=7.7->ipyvtklink==0.2.3) (2.0.5)
Requirement already satisfied: httpx<1,>=0.25.0 in /home/jules/.pyenv/versions/3.12.12/lib/python3.12/site-packages (from jupyterlab<4.6,>=4.5.1->notebook>=4.4.1->widgetsnbextension~=3.6.10->ipywidgets~=7.7->ipyvtklink==0.2.3) (0.28.1)
Collecting jupyter-lsp>=2.0.0 (from jupyterlab<4.6,>=4.5.1->notebook>=4.4.1->widgetsnbextension~=3.6.10->ipywidgets~=7.7->ipyvtklink==0.2.3)
  Using cached jupyter_lsp-2.3.0-py3-none-any.whl.metadata (1.8 kB)
Requirement already satisfied: certifi in /home/jules/.pyenv/versions/3.12.12/lib/python3.12/site-packages (from httpx<1,>=0.25.0->jupyterlab<4.6,>=4.5.1->notebook>=4.4.1->widgetsnbextension~=3.6.10->ipywidgets~=7.7->ipyvtklink==0.2.3) (2025.11.12)
Requirement already satisfied: httpcore==1.* in /home/jules/.pyenv/versions/3.12.12/lib/python3.12/site-packages (from httpx<1,>=0.25.0->jupyterlab<4.6,>=4.5.1->notebook>=4.4.1->widgetsnbextension~=3.6.10->ipywidgets~=7.7->ipyvtklink==0.2.3) (1.0.9)
Requirement already satisfied: h11>=0.16 in /home/jules/.pyenv/versions/3.12.12/lib/python3.12/site-packages (from httpcore==1.*->httpx<1,>=0.25.0->jupyterlab<4.6,>=4.5.1->notebook>=4.4.1->widgetsnbextension~=3.6.10->ipywidgets~=7.7->ipyvtklink==0.2.3) (0.16.0)
Requirement already satisfied: babel>=2.10 in /home/jules/.pyenv/versions/3.12.12/lib/python3.12/site-packages (from jupyterlab-server<3,>=2.28.0->notebook>=4.4.1->widgetsnbextension~=3.6.10->ipywidgets~=7.7->ipyvtklink==0.2.3) (2.17.0)
Requirement already satisfied: json5>=0.9.0 in /home/jules/.pyenv/versions/3.12.12/lib/python3.12/site-packages (from jupyterlab-server<3,>=2.28.0->notebook>=4.4.1->widgetsnbextension~=3.6.10->ipywidgets~=7.7->ipyvtklink==0.2.3) (0.12.1)
Requirement already satisfied: jsonschema>=4.18.0 in /home/jules/.pyenv/versions/3.12.12/lib/python3.12/site-packages (from jupyterlab-server<3,>=2.28.0->notebook>=4.4.1->widgetsnbextension~=3.6.10->ipywidgets~=7.7->ipyvtklink==0.2.3) (4.25.1)
Requirement already satisfied: argon2-cffi-bindings in /home/jules/.pyenv/versions/3.12.12/lib/python3.12/site-packages (from argon2-cffi>=21.1->jupyter-server<3,>=2.4.0->notebook>=4.4.1->widgetsnbextension~=3.6.10->ipywidgets~=7.7->ipyvtklink==0.2.3) (25.1.0)
Requirement already satisfied: MarkupSafe>=2.0 in /home/jules/.pyenv/versions/3.12.12/lib/python3.12/site-packages (from jinja2->torch<4.0,>=2.1.0->lightning==2.5.2) (3.0.3)
Requirement already satisfied: jsonschema-specifications>=2023.03.6 in /home/jules/.pyenv/versions/3.12.12/lib/python3.12/site-packages (from jsonschema>=4.18.0->jupyterlab-server<3,>=2.28.0->notebook>=4.4.1->widgetsnbextension~=3.6.10->ipywidgets~=7.7->ipyvtklink==0.2.3) (2025.9.1)
Requirement already satisfied: referencing>=0.28.4 in /home/jules/.pyenv/versions/3.12.12/lib/python3.12/site-packages (from jsonschema>=4.18.0->jupyterlab-server<3,>=2.28.0->notebook>=4.4.1->widgetsnbextension~=3.6.10->ipywidgets~=7.7->ipyvtklink==0.2.3) (0.37.0)
Requirement already satisfied: rpds-py>=0.7.1 in /home/jules/.pyenv/versions/3.12.12/lib/python3.12/site-packages (from jsonschema>=4.18.0->jupyterlab-server<3,>=2.28.0->notebook>=4.4.1->widgetsnbextension~=3.6.10->ipywidgets~=7.7->ipyvtklink==0.2.3) (0.30.0)
Requirement already satisfied: python-json-logger>=2.0.4 in /home/jules/.pyenv/versions/3.12.12/lib/python3.12/site-packages (from jupyter-events>=0.11.0->jupyter-server<3,>=2.4.0->notebook>=4.4.1->widgetsnbextension~=3.6.10->ipywidgets~=7.7->ipyvtklink==0.2.3) (4.0.0)
Requirement already satisfied: rfc3339-validator in /home/jules/.pyenv/versions/3.12.12/lib/python3.12/site-packages (from jupyter-events>=0.11.0->jupyter-server<3,>=2.4.0->notebook>=4.4.1->widgetsnbextension~=3.6.10->ipywidgets~=7.7->ipyvtklink==0.2.3) (0.1.4)
Requirement already satisfied: rfc3986-validator>=0.1.1 in /home/jules/.pyenv/versions/3.12.12/lib/python3.12/site-packages (from jupyter-events>=0.11.0->jupyter-server<3,>=2.4.0->notebook>=4.4.1->widgetsnbextension~=3.6.10->ipywidgets~=7.7->ipyvtklink==0.2.3) (0.1.1)
Requirement already satisfied: fqdn in /home/jules/.pyenv/versions/3.12.12/lib/python3.12/site-packages (from jsonschema[format-nongpl]>=4.18.0->jupyter-events>=0.11.0->jupyter-server<3,>=2.4.0->notebook>=4.4.1->widgetsnbextension~=3.6.10->ipywidgets~=7.7->ipyvtklink==0.2.3) (1.5.1)
Requirement already satisfied: isoduration in /home/jules/.pyenv/versions/3.12.12/lib/python3.12/site-packages (from jsonschema[format-nongpl]>=4.18.0->jupyter-events>=0.11.0->jupyter-server<3,>=2.4.0->notebook>=4.4.1->widgetsnbextension~=3.6.10->ipywidgets~=7.7->ipyvtklink==0.2.3) (20.11.0)
Requirement already satisfied: jsonpointer>1.13 in /home/jules/.pyenv/versions/3.12.12/lib/python3.12/site-packages (from jsonschema[format-nongpl]>=4.18.0->jupyter-events>=0.11.0->jupyter-server<3,>=2.4.0->notebook>=4.4.1->widgetsnbextension~=3.6.10->ipywidgets~=7.7->ipyvtklink==0.2.3) (3.0.0)
Requirement already satisfied: rfc3987-syntax>=1.1.0 in /home/jules/.pyenv/versions/3.12.12/lib/python3.12/site-packages (from jsonschema[format-nongpl]>=4.18.0->jupyter-events>=0.11.0->jupyter-server<3,>=2.4.0->notebook>=4.4.1->widgetsnbextension~=3.6.10->ipywidgets~=7.7->ipyvtklink==0.2.3) (1.1.0)
Requirement already satisfied: uri-template in /home/jules/.pyenv/versions/3.12.12/lib/python3.12/site-packages (from jsonschema[format-nongpl]>=4.18.0->jupyter-events>=0.11.0->jupyter-server<3,>=2.4.0->notebook>=4.4.1->widgetsnbextension~=3.6.10->ipywidgets~=7.7->ipyvtklink==0.2.3) (1.3.0)
Requirement already satisfied: webcolors>=24.6.0 in /home/jules/.pyenv/versions/3.12.12/lib/python3.12/site-packages (from jsonschema[format-nongpl]>=4.18.0->jupyter-events>=0.11.0->jupyter-server<3,>=2.4.0->notebook>=4.4.1->widgetsnbextension~=3.6.10->ipywidgets~=7.7->ipyvtklink==0.2.3) (25.10.0)
Requirement already satisfied: beautifulsoup4 in /home/jules/.pyenv/versions/3.12.12/lib/python3.12/site-packages (from nbconvert>=6.4.4->jupyter-server<3,>=2.4.0->notebook>=4.4.1->widgetsnbextension~=3.6.10->ipywidgets~=7.7->ipyvtklink==0.2.3) (4.14.3)
Requirement already satisfied: bleach!=5.0.0 in /home/jules/.pyenv/versions/3.12.12/lib/python3.12/site-packages (from bleach[css]!=5.0.0->nbconvert>=6.4.4->jupyter-server<3,>=2.4.0->notebook>=4.4.1->widgetsnbextension~=3.6.10->ipywidgets~=7.7->ipyvtklink==0.2.3) (6.3.0)
Requirement already satisfied: defusedxml in /home/jules/.pyenv/versions/3.12.12/lib/python3.12/site-packages (from nbconvert>=6.4.4->jupyter-server<3,>=2.4.0->notebook>=4.4.1->widgetsnbextension~=3.6.10->ipywidgets~=7.7->ipyvtklink==0.2.3) (0.7.1)
Requirement already satisfied: jupyterlab-pygments in /home/jules/.pyenv/versions/3.12.12/lib/python3.12/site-packages (from nbconvert>=6.4.4->jupyter-server<3,>=2.4.0->notebook>=4.4.1->widgetsnbextension~=3.6.10->ipywidgets~=7.7->ipyvtklink==0.2.3) (0.3.0)
Requirement already satisfied: mistune<4,>=2.0.3 in /home/jules/.pyenv/versions/3.12.12/lib/python3.12/site-packages (from nbconvert>=6.4.4->jupyter-server<3,>=2.4.0->notebook>=4.4.1->widgetsnbextension~=3.6.10->ipywidgets~=7.7->ipyvtklink==0.2.3) (3.1.4)
Collecting nbclient>=0.5.0 (from nbconvert>=6.4.4->jupyter-server<3,>=2.4.0->notebook>=4.4.1->widgetsnbextension~=3.6.10->ipywidgets~=7.7->ipyvtklink==0.2.3)
  Using cached nbclient-0.10.2-py3-none-any.whl.metadata (8.3 kB)
Requirement already satisfied: pandocfilters>=1.4.1 in /home/jules/.pyenv/versions/3.12.12/lib/python3.12/site-packages (from nbconvert>=6.4.4->jupyter-server<3,>=2.4.0->notebook>=4.4.1->widgetsnbextension~=3.6.10->ipywidgets~=7.7->ipyvtklink==0.2.3) (1.5.1)
Requirement already satisfied: webencodings in /home/jules/.pyenv/versions/3.12.12/lib/python3.12/site-packages (from bleach!=5.0.0->bleach[css]!=5.0.0->nbconvert>=6.4.4->jupyter-server<3,>=2.4.0->notebook>=4.4.1->widgetsnbextension~=3.6.10->ipywidgets~=7.7->ipyvtklink==0.2.3) (0.5.1)
Requirement already satisfied: tinycss2<1.5,>=1.1.0 in /home/jules/.pyenv/versions/3.12.12/lib/python3.12/site-packages (from bleach[css]!=5.0.0->nbconvert>=6.4.4->jupyter-server<3,>=2.4.0->notebook>=4.4.1->widgetsnbextension~=3.6.10->ipywidgets~=7.7->ipyvtklink==0.2.3) (1.4.0)
Requirement already satisfied: fastjsonschema>=2.15 in /home/jules/.pyenv/versions/3.12.12/lib/python3.12/site-packages (from nbformat>=5.3.0->jupyter-server<3,>=2.4.0->notebook>=4.4.1->widgetsnbextension~=3.6.10->ipywidgets~=7.7->ipyvtklink==0.2.3) (2.21.2)
Requirement already satisfied: ppft>=1.7.7 in /home/jules/.pyenv/versions/3.12.12/lib/python3.12/site-packages (from pathos>=0.2.5->p-tqdm==1.4.2) (1.7.7)
Requirement already satisfied: dill>=0.4.0 in /home/jules/.pyenv/versions/3.12.12/lib/python3.12/site-packages (from pathos>=0.2.5->p-tqdm==1.4.2) (0.4.0)
Requirement already satisfied: pox>=0.3.6 in /home/jules/.pyenv/versions/3.12.12/lib/python3.12/site-packages (from pathos>=0.2.5->p-tqdm==1.4.2) (0.3.6)
Requirement already satisfied: multiprocess>=0.70.18 in /home/jules/.pyenv/versions/3.12.12/lib/python3.12/site-packages (from pathos>=0.2.5->p-tqdm==1.4.2) (0.70.18)
Requirement already satisfied: ptyprocess>=0.5 in /home/jules/.pyenv/versions/3.12.12/lib/python3.12/site-packages (from pexpect>4.3->ipython->mediapy==1.0.2) (0.7.0)
Requirement already satisfied: charset_normalizer<4,>=2 in /home/jules/.pyenv/versions/3.12.12/lib/python3.12/site-packages (from requests>=2.12->biotite==1.2.0) (3.4.4)
Requirement already satisfied: urllib3<3,>=1.21.1 in /home/jules/.pyenv/versions/3.12.12/lib/python3.12/site-packages (from requests>=2.12->biotite==1.2.0) (2.6.2)
Requirement already satisfied: lark>=1.2.2 in /home/jules/.pyenv/versions/3.12.12/lib/python3.12/site-packages (from rfc3987-syntax>=1.1.0->jsonschema[format-nongpl]>=4.18.0->jupyter-events>=0.11.0->jupyter-server<3,>=2.4.0->notebook>=4.4.1->widgetsnbextension~=3.6.10->ipywidgets~=7.7->ipyvtklink==0.2.3) (1.3.1)
Requirement already satisfied: executing>=1.2.0 in /home/jules/.pyenv/versions/3.12.12/lib/python3.12/site-packages (from stack_data>=0.6.0->ipython->mediapy==1.0.2) (2.2.1)
Requirement already satisfied: asttokens>=2.1.0 in /home/jules/.pyenv/versions/3.12.12/lib/python3.12/site-packages (from stack_data>=0.6.0->ipython->mediapy==1.0.2) (3.0.1)
Requirement already satisfied: pure-eval in /home/jules/.pyenv/versions/3.12.12/lib/python3.12/site-packages (from stack_data>=0.6.0->ipython->mediapy==1.0.2) (0.2.3)
Requirement already satisfied: mpmath<1.4,>=1.1.0 in /home/jules/.pyenv/versions/3.12.12/lib/python3.12/site-packages (from sympy>=1.13.3->torch<4.0,>=2.1.0->lightning==2.5.2) (1.3.0)
Requirement already satisfied: cffi>=1.0.1 in /home/jules/.pyenv/versions/3.12.12/lib/python3.12/site-packages (from argon2-cffi-bindings->argon2-cffi>=21.1->jupyter-server<3,>=2.4.0->notebook>=4.4.1->widgetsnbextension~=3.6.10->ipywidgets~=7.7->ipyvtklink==0.2.3) (2.0.0)
Requirement already satisfied: pycparser in /home/jules/.pyenv/versions/3.12.12/lib/python3.12/site-packages (from cffi>=1.0.1->argon2-cffi-bindings->argon2-cffi>=21.1->jupyter-server<3,>=2.4.0->notebook>=4.4.1->widgetsnbextension~=3.6.10->ipywidgets~=7.7->ipyvtklink==0.2.3) (2.23)
Requirement already satisfied: soupsieve>=1.6.1 in /home/jules/.pyenv/versions/3.12.12/lib/python3.12/site-packages (from beautifulsoup4->nbconvert>=6.4.4->jupyter-server<3,>=2.4.0->notebook>=4.4.1->widgetsnbextension~=3.6.10->ipywidgets~=7.7->ipyvtklink==0.2.3) (2.8)
Requirement already satisfied: hf-xet<2.0.0,>=1.2.0 in /home/jules/.pyenv/versions/3.12.12/lib/python3.12/site-packages (from huggingface_hub->timm==1.0.19) (1.2.0)
Requirement already satisfied: shellingham in /home/jules/.pyenv/versions/3.12.12/lib/python3.12/site-packages (from huggingface_hub->timm==1.0.19) (1.5.4)
Requirement already satisfied: typer-slim in /home/jules/.pyenv/versions/3.12.12/lib/python3.12/site-packages (from huggingface_hub->timm==1.0.19) (0.20.0)
Requirement already satisfied: arrow>=0.15.0 in /home/jules/.pyenv/versions/3.12.12/lib/python3.12/site-packages (from isoduration->jsonschema[format-nongpl]>=4.18.0->jupyter-events>=0.11.0->jupyter-server<3,>=2.4.0->notebook>=4.4.1->widgetsnbextension~=3.6.10->ipywidgets~=7.7->ipyvtklink==0.2.3) (1.4.0)
Using cached lightning-2.5.2-py3-none-any.whl (821 kB)
Using cached ipyvtklink-0.2.3-py3-none-any.whl (9.4 kB)
Using cached biotite-1.2.0-cp312-cp312-manylinux_2_17_x86_64.manylinux2014_x86_64.whl (55.6 MB)
Using cached timm-1.0.19-py3-none-any.whl (2.5 MB)
Using cached ipywidgets-7.8.5-py2.py3-none-any.whl (124 kB)
Using cached torchmetrics-1.8.2-py3-none-any.whl (983 kB)
Using cached widgetsnbextension-3.6.10-py2.py3-none-any.whl (1.6 MB)
Using cached ipycanvas-0.14.3-py2.py3-none-any.whl (142 kB)
Using cached ipyevents-2.0.4-py3-none-any.whl (102 kB)
Using cached notebook-7.5.1-py3-none-any.whl (14.5 MB)
Using cached jupyter_server-2.17.0-py3-none-any.whl (388 kB)
Using cached jupyterlab-4.5.1-py3-none-any.whl (12.4 MB)
Using cached jupyterlab_server-2.28.0-py3-none-any.whl (59 kB)
Using cached notebook_shim-0.2.4-py3-none-any.whl (13 kB)
Using cached argon2_cffi-25.1.0-py3-none-any.whl (14 kB)
Using cached jupyter_events-0.12.0-py3-none-any.whl (19 kB)
Using cached jupyter_lsp-2.3.0-py3-none-any.whl (76 kB)
Using cached nbconvert-7.16.6-py3-none-any.whl (258 kB)
Using cached nbclient-0.10.2-py3-none-any.whl (25 kB)
Using cached nbformat-5.10.4-py3-none-any.whl (78 kB)
Using cached pytorch_lightning-2.6.0-py3-none-any.whl (849 kB)
Using cached torchvision-0.24.1-cp312-cp312-manylinux_2_28_x86_64.whl (8.0 MB)
Installing collected packages: biotite, argon2-cffi, torchvision, torchmetrics, nbformat, timm, pytorch-lightning, nbclient, jupyter-events, nbconvert, lightning, jupyter-server, notebook-shim, jupyterlab-server, jupyter-lsp, jupyterlab, notebook, widgetsnbextension, ipywidgets, ipyevents, ipycanvas, ipyvtklink

Successfully installed argon2-cffi-25.1.0 biotite-1.2.0 ipycanvas-0.14.3 ipyevents-2.0.4 ipyvtklink-0.2.3 ipywidgets-7.8.5 jupyter-events-0.12.0 jupyter-lsp-2.3.0 jupyter-server-2.17.0 jupyterlab-4.5.1 jupyterlab-server-2.28.0 lightning-2.5.2 nbclient-0.10.2 nbconvert-7.16.6 nbformat-5.10.4 notebook-7.5.1 notebook-shim-0.2.4 pytorch-lightning-2.6.0 timm-1.0.19 torchmetrics-1.8.2 torchvision-0.24.1 widgetsnbextension-3.6.10
